# serializer version: 1
# name: test_all_garages
  list([
    Garage(name='Parkhaus Theater', status='frei', parking_type='Parkhaus', free_space=537, total_capacity='748', availability_pct=71.8, url='https://www.stadt-muenster.de/tiefbauamt/parkleitsystem/parkhaeuser/detailansicht/parkhaus/1.html', longitude=7.626790040283135, latitude=51.96599313816084),
    Garage(name='Parkplatz Hörster Platz', status='frei', parking_type='Parkplatz', free_space=91, total_capacity='202', availability_pct=45.0, url='https://www.stadt-muenster.de/tiefbauamt/parkleitsystem/parkhaeuser/detailansicht/parkhaus/2.html', longitude=7.63168867787138, latitude=51.964243549926614),
    Garage(name='Parkhaus Alter Steinweg', status='frei', parking_type='Parkhaus', free_space=166, total_capacity='390', availability_pct=42.6, url='https://www.stadt-muenster.de/tiefbauamt/parkleitsystem/parkhaeuser/detailansicht/parkhaus/3.html', longitude=7.632386884741256, latitude=51.96233720813437),
    Garage(name='Parkplatz Busparkplatz', status='frei', parking_type='Parkplatz', free_space=53, total_capacity='63', availability_pct=84.1, url='https://www.stadt-muenster.de/tiefbauamt/parkleitsystem/parkhaeuser/detailansicht/parkhaus/4.html', longitude=7.61680229612901, latitude=51.96571449455512),
    Garage(name='Parkplatz Schlossplatz Nord', status='frei', parking_type='Parkplatz', free_space=450, total_capacity='450', availability_pct=100.0, url='https://www.stadt-muenster.de/tiefbauamt/parkleitsystem/parkhaeuser/detailansicht/parkhaus/5.html', longitude=7.616959853461621, latitude=51.96437712646424),
    Garage(name='Parkplatz Schlossplatz Süd', status='frei', parking_type='Parkplatz', free_space=166, total_capacity='460', availability_pct=36.1, url='https://www.stadt-muenster.de/tiefbauamt/parkleitsystem/parkhaeuser/detailansicht/parkhaus/6.html', longitude=7.6168499026422, latitude=51.96274899957397),
    Garage(name='Parkhaus Aegidii', status='frei', parking_type='Parkhaus', free_space=490, total_capacity='750', availability_pct=65.3, url='https://www.stadt-muenster.de/tiefbauamt/parkleitsystem/parkhaeuser/detailansicht/parkhaus/7.html', longitude=7.6230306668972245, latitude=51.96046654876251),
    Garage(name='Parkplatz Georgskommende', status='frei', parking_type='Parkhaus', free_space=190, total_capacity='272', availability_pct=69.9, url='https://www.stadt-muenster.de/tiefbauamt/parkleitsystem/parkhaeuser/detailansicht/parkhaus/8.html', longitude=7.619172622661307, latitude=51.959603471601845),
    Garage(name='Parkhaus Münster-Arkaden', status='geschlossen', parking_type='Parkhaus', free_space=0, total_capacity='150', availability_pct=0.0, url='https://www.stadt-muenster.de/tiefbauamt/parkleitsystem/parkhaeuser/detailansicht/parkhaus/9.html', longitude=7.626485216249938, latitude=51.959778851561595),
    Garage(name='Parkhaus Karstadt', status='frei', parking_type='Parkhaus', free_space=110, total_capacity='183', availability_pct=60.1, url='https://www.stadt-muenster.de/tiefbauamt/parkleitsystem/parkhaeuser/detailansicht/parkhaus/10.html', longitude=7.6304115214833566, latitude=51.96127164447771),
    Garage(name='Parkhaus Stubengasse', status='frei', parking_type='Parkhaus', free_space=140, total_capacity='318', availability_pct=44.0, url='https://www.stadt-muenster.de/tiefbauamt/parkleitsystem/parkhaeuser/detailansicht/parkhaus/11.html', longitude=7.629794561445889, latitude=51.96003310823958),
    Garage(name='Parkhaus Bremer Platz', status='frei', parking_type='Parkhaus', free_space=149, total_capacity='354', availability_pct=42.1, url='https://www.stadt-muenster.de/tiefbauamt/parkleitsystem/parkhaeuser/detailansicht/parkhaus/12.html', longitude=7.637656107075433, latitude=51.95794020639265),
    Garage(name='Parkhaus Engelenschanze', status='frei', parking_type='Parkhaus', free_space=276, total_capacity='480', availability_pct=57.5, url='https://www.stadt-muenster.de/tiefbauamt/parkleitsystem/parkhaeuser/detailansicht/parkhaus/13.html', longitude=7.631394483247177, latitude=51.95574643864072),
    Garage(name='Parkhaus Bahnhofstraße', status='frei', parking_type='Parkhaus', free_space=181, total_capacity='311', availability_pct=58.2, url='https://www.stadt-muenster.de/tiefbauamt/parkleitsystem/parkhaeuser/detailansicht/parkhaus/14.html', longitude=7.632952075623044, latitude=51.955234232717444),
    Garage(name='Parkhaus Cineplex', status='frei', parking_type='Parkhaus', free_space=487, total_capacity='590', availability_pct=82.5, url='https://www.stadt-muenster.de/tiefbauamt/parkleitsystem/parkhaeuser/detailansicht/parkhaus/15.html', longitude=7.636025382313851, latitude=51.94983209759471),
    Garage(name='Parkhaus PH Stadthaus 3', status='frei', parking_type='Parkhaus', free_space=241, total_capacity='372', availability_pct=64.8, url='https://www.stadt-muenster.de/tiefbauamt/parkleitsystem/parkhaeuser/detailansicht/parkhaus/16.html', longitude=7.640941227445868, latitude=51.94936761869015),
  ])
# ---
