# serializer version: 1
# name: test_all_garages
  list([
    Garage(
      availability_pct=71.8,
      free_space=537,
      latitude=51.96599313816083,
      longitude=7.626790040283137,
      name='Parkhaus Theater',
      parking_type='Parkhaus',
      status='frei',
      total_capacity='748',
      url='https://www.stadt-muenster.de/tiefbauamt/parkleitsystem/parkhaeuser/detailansicht/parkhaus/1.html',
    ),
    Garage(
      availability_pct=45.0,
      free_space=91,
      latitude=51.964243549926614,
      longitude=7.63168867787138,
      name='Parkplatz Hörster Platz',
      parking_type='Parkplatz',
      status='frei',
      total_capacity='202',
      url='https://www.stadt-muenster.de/tiefbauamt/parkleitsystem/parkhaeuser/detailansicht/parkhaus/2.html',
    ),
    Garage(
      availability_pct=42.6,
      free_space=166,
      latitude=51.962337208134365,
      longitude=7.632386884741256,
      name='Parkhaus Alter Steinweg',
      parking_type='Parkhaus',
      status='frei',
      total_capacity='390',
      url='https://www.stadt-muenster.de/tiefbauamt/parkleitsystem/parkhaeuser/detailansicht/parkhaus/3.html',
    ),
    Garage(
      availability_pct=84.1,
      free_space=53,
      latitude=51.96571449455512,
      longitude=7.616802296129008,
      name='Parkplatz Busparkplatz',
      parking_type='Parkplatz',
      status='frei',
      total_capacity='63',
      url='https://www.stadt-muenster.de/tiefbauamt/parkleitsystem/parkhaeuser/detailansicht/parkhaus/4.html',
    ),
    Garage(
      availability_pct=100.0,
      free_space=450,
      latitude=51.96437712646424,
      longitude=7.616959853461621,
      name='Parkplatz Schlossplatz Nord',
      parking_type='Parkplatz',
      status='frei',
      total_capacity='450',
      url='https://www.stadt-muenster.de/tiefbauamt/parkleitsystem/parkhaeuser/detailansicht/parkhaus/5.html',
    ),
    Garage(
      availability_pct=36.1,
      free_space=166,
      latitude=51.96274899957397,
      longitude=7.6168499026422,
      name='Parkplatz Schlossplatz Süd',
      parking_type='Parkplatz',
      status='frei',
      total_capacity='460',
      url='https://www.stadt-muenster.de/tiefbauamt/parkleitsystem/parkhaeuser/detailansicht/parkhaus/6.html',
    ),
    Garage(
      availability_pct=65.3,
      free_space=490,
      latitude=51.96046654876251,
      longitude=7.6230306668972245,
      name='Parkhaus Aegidii',
      parking_type='Parkhaus',
      status='frei',
      total_capacity='750',
      url='https://www.stadt-muenster.de/tiefbauamt/parkleitsystem/parkhaeuser/detailansicht/parkhaus/7.html',
    ),
    Garage(
      availability_pct=69.9,
      free_space=190,
      latitude=51.959603471601845,
      longitude=7.619172622661309,
      name='Parkplatz Georgskommende',
      parking_type='Parkhaus',
      status='frei',
      total_capacity='272',
      url='https://www.stadt-muenster.de/tiefbauamt/parkleitsystem/parkhaeuser/detailansicht/parkhaus/8.html',
    ),
    Garage(
      availability_pct=0.0,
      free_space=0,
      latitude=51.959778851561595,
      longitude=7.626485216249938,
      name='Parkhaus Münster-Arkaden',
      parking_type='Parkhaus',
      status='geschlossen',
      total_capacity='150',
      url='https://www.stadt-muenster.de/tiefbauamt/parkleitsystem/parkhaeuser/detailansicht/parkhaus/9.html',
    ),
    Garage(
      availability_pct=60.1,
      free_space=110,
      latitude=51.96127164447771,
      longitude=7.6304115214833566,
      name='Parkhaus Karstadt',
      parking_type='Parkhaus',
      status='frei',
      total_capacity='183',
      url='https://www.stadt-muenster.de/tiefbauamt/parkleitsystem/parkhaeuser/detailansicht/parkhaus/10.html',
    ),
    Garage(
      availability_pct=44.0,
      free_space=140,
      latitude=51.960033108239585,
      longitude=7.6297945614458875,
      name='Parkhaus Stubengasse',
      parking_type='Parkhaus',
      status='frei',
      total_capacity='318',
      url='https://www.stadt-muenster.de/tiefbauamt/parkleitsystem/parkhaeuser/detailansicht/parkhaus/11.html',
    ),
    Garage(
      availability_pct=42.1,
      free_space=149,
      latitude=51.95794020639265,
      longitude=7.637656107075433,
      name='Parkhaus Bremer Platz',
      parking_type='Parkhaus',
      status='frei',
      total_capacity='354',
      url='https://www.stadt-muenster.de/tiefbauamt/parkleitsystem/parkhaeuser/detailansicht/parkhaus/12.html',
    ),
    Garage(
      availability_pct=57.5,
      free_space=276,
      latitude=51.955746438640716,
      longitude=7.631394483247175,
      name='Parkhaus Engelenschanze',
      parking_type='Parkhaus',
      status='frei',
      total_capacity='480',
      url='https://www.stadt-muenster.de/tiefbauamt/parkleitsystem/parkhaeuser/detailansicht/parkhaus/13.html',
    ),
    Garage(
      availability_pct=58.2,
      free_space=181,
      latitude=51.955234232717444,
      longitude=7.632952075623044,
      name='Parkhaus Bahnhofstraße',
      parking_type='Parkhaus',
      status='frei',
      total_capacity='311',
      url='https://www.stadt-muenster.de/tiefbauamt/parkleitsystem/parkhaeuser/detailansicht/parkhaus/14.html',
    ),
    Garage(
      availability_pct=82.5,
      free_space=487,
      latitude=51.94983209759471,
      longitude=7.636025382313851,
      name='Parkhaus Cineplex',
      parking_type='Parkhaus',
      status='frei',
      total_capacity='590',
      url='https://www.stadt-muenster.de/tiefbauamt/parkleitsystem/parkhaeuser/detailansicht/parkhaus/15.html',
    ),
    Garage(
      availability_pct=64.8,
      free_space=241,
      latitude=51.94936761869015,
      longitude=7.640941227445868,
      name='Parkhaus PH Stadthaus 3',
      parking_type='Parkhaus',
      status='frei',
      total_capacity='372',
      url='https://www.stadt-muenster.de/tiefbauamt/parkleitsystem/parkhaeuser/detailansicht/parkhaus/16.html',
    ),
  ])
# ---
